// Jest Snapshot v1, https://goo.gl/fbAQLP

exports[`Connect Component renders the UI as expected 1`] = `
<section
  className="Connect"
>
  <div
    className="Connect__pic"
  />
  <div
    className="Connect__info"
    id="connect"
  >
    <header>
      <h2>
        Connect
      </h2>
    </header>
    <ul>
      <li>
        Cell: 858609.9463
      </li>
      <li>
        Email: 
        <a
          href="mailto:SterlingDWatts@gmail.com"
          target="_blank"
        >
          SterlingDWatts@gmail.com
        </a>
      </li>
      <li>
        GitHub Repo: 
        <a
          href="https://github.com/SterlingDWatts"
          target="_blank"
        >
          /SterlingDWatts
        </a>
      </li>
      <li>
        Linkedin: 
        <a
          href="https://linkedin.com/in/sterlingdwatts"
          target="_blank"
        >
          in/SterlingDWatts
        </a>
      </li>
    </ul>
  </div>
</section>
`;
