// Jest Snapshot v1, https://goo.gl/fbAQLP

exports[`Projects Component renders the UI as expected 1`] = `
<section
  className="Projects"
  id="projects"
>
  <header
    className="Projects__header"
  >
    <h2>
      Projects
    </h2>
  </header>
  <div
    className="Project"
  >
    <header
      className="Project__header"
    >
      <h3>
        Quaff Quizz
      </h3>
    </header>
    <div
      className="Project__pic Quaff Quizz_pic"
    >
      <div
        className="Project__about"
      >
        <h5>
          Quaff Quizz
           | 
          <a
            href="https://sterlingdwatts.github.io/quaff_quizz"
            target="_blank"
          >
            Live App
          </a>
           | 
          <a
            href="https://github.com/SterlingDWatts/quaff_quizz"
            target="_blank"
          >
            Repo
          </a>
        </h5>
        <p>
          A fun wine quiz web app with over 20 questions ranging over 4 topics.
        </p>
        <button
          className="Project__more_info"
          onClick={[Function]}
        >
          more info
        </button>
      </div>
    </div>
  </div>
  <div
    className="Project"
  >
    <header
      className="Project__header"
    >
      <h3>
        Game Hub
      </h3>
    </header>
    <div
      className="Project__pic Game Hub_pic"
    >
      <div
        className="Project__about"
      >
        <h5>
          Game Hub
           | 
          <a
            href="https://sterlingdwatts.github.io/game_hub"
            target="_blank"
          >
            Live App
          </a>
           | 
          <a
            href="https://github.com/SterlingDWatts/game_hub"
            target="_blank"
          >
            Repo
          </a>
        </h5>
        <p>
          The hottest new way to discover new board games!
        </p>
        <button
          className="Project__more_info"
          onClick={[Function]}
        >
          more info
        </button>
      </div>
    </div>
  </div>
</section>
`;
